// Jest Snapshot v1, https://goo.gl/fbAQLP

exports[`Home when fetched data and fullData is empty should match snapshot 1`] = `
<RCTScrollView
  refreshControl={
    <RefreshControlMock
      onRefresh={[Function]}
      refreshing={false}
    />
  }
  testID="home-story-view"
>
  <RCTRefreshControl />
  <View>
    <View
      style={
        Object {
          "backgroundColor": "#ff6600",
          "height": 50,
          "justifyContent": "center",
          "paddingLeft": 10,
        }
      }
    >
      <Text
        style={
          Object {
            "color": "black",
            "fontSize": 20,
            "fontWeight": "bold",
          }
        }
      >
        Hacker News
      </Text>
      <Text
        style={
          Object {
            "color": "black",
          }
        }
      >
        new | Past | comments | ask | show | jobs
      </Text>
    </View>
    <View
      style={
        Array [
          Object {
            "aspectRatio": 1,
          },
          undefined,
          Object {
            "alignSelf": "center",
            "height": 25,
            "justifyContent": "center",
            "width": 25,
          },
        ]
      }
    >
      <View
        autoPlay={true}
        cacheComposition={true}
        collapsable={false}
        enableMergePathsAndroidForKitKatAndAbove={false}
        forwardedRef={[Function]}
        loop={true}
        onAnimationFinish={[Function]}
        onLayout={[Function]}
        progress={0}
        resizeMode="contain"
        sourceJson="{\\"v\\":\\"5.4.3\\",\\"fr\\":30,\\"ip\\":0,\\"op\\":33,\\"w\\":960,\\"h\\":960,\\"nm\\":\\"loader_final\\",\\"ddd\\":0,\\"assets\\":[],\\"layers\\":[{\\"ddd\\":0,\\"ind\\":1,\\"ty\\":4,\\"nm\\":\\"Shape Layer 4\\",\\"sr\\":1,\\"ks\\":{\\"o\\":{\\"a\\":0,\\"k\\":100,\\"ix\\":11},\\"r\\":{\\"a\\":0,\\"k\\":0,\\"ix\\":10},\\"p\\":{\\"a\\":0,\\"k\\":[480,480,0],\\"ix\\":2},\\"a\\":{\\"a\\":0,\\"k\\":[0,0,0],\\"ix\\":1},\\"s\\":{\\"a\\":0,\\"k\\":[100,100,100],\\"ix\\":6}},\\"ao\\":0,\\"shapes\\":[],\\"ip\\":0,\\"op\\":180,\\"st\\":0,\\"bm\\":0},{\\"ddd\\":0,\\"ind\\":2,\\"ty\\":4,\\"nm\\":\\"Shape Layer 3\\",\\"sr\\":1,\\"ks\\":{\\"o\\":{\\"a\\":0,\\"k\\":100,\\"ix\\":11},\\"r\\":{\\"a\\":0,\\"k\\":0,\\"ix\\":10},\\"p\\":{\\"a\\":0,\\"k\\":[-547.75,-567,0],\\"ix\\":2},\\"a\\":{\\"a\\":0,\\"k\\":[-20,0,0],\\"ix\\":1},\\"s\\":{\\"a\\":0,\\"k\\":[220,220,100],\\"ix\\":6}},\\"ao\\":0,\\"shapes\\":[{\\"ty\\":\\"gr\\",\\"it\\":[{\\"ind\\":0,\\"ty\\":\\"sh\\",\\"ix\\":1,\\"ks\\":{\\"a\\":0,\\"k\\":{\\"i\\":[[0,0],[0,0],[0,0],[0,0]],\\"o\\":[[0,0],[0,0],[0,0],[0,0]],\\"v\\":[[-270.409,-35.759],[-69.2,161.649],[222.953,-123.431],[334.969,-229.981]],\\"c\\":false},\\"ix\\":2},\\"nm\\":\\"Path 1\\",\\"mn\\":\\"ADBE Vector Shape - Group\\",\\"hd\\":false},{\\"ty\\":\\"st\\",\\"c\\":{\\"a\\":0,\\"k\\":[0,0,0,1],\\"ix\\":3},\\"o\\":{\\"a\\":0,\\"k\\":80,\\"ix\\":4},\\"w\\":{\\"a\\":0,\\"k\\":51,\\"ix\\":5},\\"lc\\":2,\\"lj\\":2,\\"bm\\":0,\\"d\\":[{\\"n\\":\\"d\\",\\"nm\\":\\"dash\\",\\"v\\":{\\"a\\":0,\\"k\\":569.259,\\"ix\\":1}},{\\"n\\":\\"o\\",\\"nm\\":\\"offset\\",\\"v\\":{\\"a\\":0,\\"k\\":0,\\"ix\\":7}}],\\"nm\\":\\"Stroke 1\\",\\"mn\\":\\"ADBE Vector Graphic - Stroke\\",\\"hd\\":false},{\\"ty\\":\\"tr\\",\\"p\\":{\\"a\\":0,\\"k\\":[446.475,455.963],\\"ix\\":2},\\"a\\":{\\"a\\":0,\\"k\\":[0,0],\\"ix\\":1},\\"s\\":{\\"a\\":0,\\"k\\":[100,100],\\"ix\\":3},\\"r\\":{\\"a\\":0,\\"k\\":0,\\"ix\\":6},\\"o\\":{\\"a\\":0,\\"k\\":100,\\"ix\\":7},\\"sk\\":{\\"a\\":0,\\"k\\":0,\\"ix\\":4},\\"sa\\":{\\"a\\":0,\\"k\\":0,\\"ix\\":5},\\"nm\\":\\"Transform\\"}],\\"nm\\":\\"Shape 1\\",\\"np\\":2,\\"cix\\":2,\\"bm\\":0,\\"ix\\":1,\\"mn\\":\\"ADBE Vector Group\\",\\"hd\\":false},{\\"ty\\":\\"tm\\",\\"s\\":{\\"a\\":1,\\"k\\":[{\\"i\\":{\\"x\\":[0.833],\\"y\\":[1]},\\"o\\":{\\"x\\":[0.167],\\"y\\":[0.167]},\\"n\\":[\\"0p833_1_0p167_0p167\\"],\\"t\\":44,\\"s\\":[15],\\"e\\":[18]},{\\"i\\":{\\"x\\":[0.667],\\"y\\":[1]},\\"o\\":{\\"x\\":[0.167],\\"y\\":[0]},\\"n\\":[\\"0p667_1_0p167_0\\"],\\"t\\":47,\\"s\\":[18],\\"e\\":[15]},{\\"i\\":{\\"x\\":[0.833],\\"y\\":[1]},\\"o\\":{\\"x\\":[0.167],\\"y\\":[-0.409]},\\"n\\":[\\"0p833_1_0p167_-0p409\\"],\\"t\\":49,\\"s\\":[15],\\"e\\":[15]},{\\"i\\":{\\"x\\":[0.833],\\"y\\":[1]},\\"o\\":{\\"x\\":[0.167],\\"y\\":[0]},\\"n\\":[\\"0p833_1_0p167_0\\"],\\"t\\":88,\\"s\\":[15],\\"e\\":[75]},{\\"t\\":94.7099609375}],\\"ix\\":1},\\"e\\":{\\"a\\":1,\\"k\\":[{\\"i\\":{\\"x\\":[0.833],\\"y\\":[0.689]},\\"o\\":{\\"x\\":[0.167],\\"y\\":[0.167]},\\"n\\":[\\"0p833_0p689_0p167_0p167\\"],\\"t\\":44,\\"s\\":[15],\\"e\\":[29]},{\\"i\\":{\\"x\\":[0],\\"y\\":[0.433]},\\"o\\":{\\"x\\":[0.167],\\"y\\":[0.124]},\\"n\\":[\\"0_0p433_0p167_0p124\\"],\\"t\\":47,\\"s\\":[29],\\"e\\":[76]},{\\"i\\":{\\"x\\":[0.567],\\"y\\":[1]},\\"o\\":{\\"x\\":[0.211],\\"y\\":[0]},\\"n\\":[\\"0p567_1_0p211_0\\"],\\"t\\":51,\\"s\\":[76],\\"e\\":[76.5]},{\\"i\\":{\\"x\\":[0.567],\\"y\\":[1]},\\"o\\":{\\"x\\":[0.328],\\"y\\":[0]},\\"n\\":[\\"0p567_1_0p328_0\\"],\\"t\\":58,\\"s\\":[76.5],\\"e\\":[76.5]},{\\"t\\":88}],\\"ix\\":2},\\"o\\":{\\"a\\":0,\\"k\\":0,\\"ix\\":3},\\"m\\":1,\\"ix\\":2,\\"nm\\":\\"Trim Paths 1\\",\\"mn\\":\\"ADBE Vector Filter - Trim\\",\\"hd\\":false}],\\"ip\\":19,\\"op\\":96,\\"st\\":48,\\"bm\\":0},{\\"ddd\\":0,\\"ind\\":3,\\"ty\\":4,\\"nm\\":\\"Loader_circle 3\\",\\"sr\\":1,\\"ks\\":{\\"o\\":{\\"a\\":0,\\"k\\":100,\\"ix\\":11},\\"r\\":{\\"a\\":1,\\"k\\":[{\\"i\\":{\\"x\\":[0.667],\\"y\\":[1]},\\"o\\":{\\"x\\":[0.167],\\"y\\":[0.167]},\\"n\\":[\\"0p667_1_0p167_0p167\\"],\\"t\\":10,\\"s\\":[0],\\"e\\":[117.68]},{\\"i\\":{\\"x\\":[0.336],\\"y\\":[1.054]},\\"o\\":{\\"x\\":[0.333],\\"y\\":[0]},\\"n\\":[\\"0p336_1p054_0p333_0\\"],\\"t\\":12,\\"s\\":[117.68],\\"e\\":[202.76]},{\\"i\\":{\\"x\\":[0.75],\\"y\\":[0.422]},\\"o\\":{\\"x\\":[0.723],\\"y\\":[0.051]},\\"n\\":[\\"0p75_0p422_0p723_0p051\\"],\\"t\\":19,\\"s\\":[202.76],\\"e\\":[105.225]},{\\"i\\":{\\"x\\":[0.521],\\"y\\":[0.464]},\\"o\\":{\\"x\\":[0.385],\\"y\\":[0.514]},\\"n\\":[\\"0p521_0p464_0p385_0p514\\"],\\"t\\":26,\\"s\\":[105.225],\\"e\\":[-83.407]},{\\"i\\":{\\"x\\":[0.667],\\"y\\":[1]},\\"o\\":{\\"x\\":[0.614],\\"y\\":[1.702]},\\"n\\":[\\"0p667_1_0p614_1p702\\"],\\"t\\":35,\\"s\\":[-83.407],\\"e\\":[-96.41]},{\\"t\\":39}],\\"ix\\":10},\\"p\\":{\\"a\\":0,\\"k\\":[480,480,0],\\"ix\\":2},\\"a\\":{\\"a\\":0,\\"k\\":[0,0,0],\\"ix\\":1},\\"s\\":{\\"a\\":0,\\"k\\":[850,850,100],\\"ix\\":6}},\\"ao\\":0,\\"shapes\\":[{\\"d\\":3,\\"ty\\":\\"el\\",\\"s\\":{\\"a\\":0,\\"k\\":[100,100],\\"ix\\":2},\\"p\\":{\\"a\\":0,\\"k\\":[0,0],\\"ix\\":3},\\"nm\\":\\"Ellipse Path 1\\",\\"mn\\":\\"ADBE Vector Shape - Ellipse\\",\\"hd\\":false},{\\"ty\\":\\"tm\\",\\"s\\":{\\"a\\":1,\\"k\\":[{\\"i\\":{\\"x\\":[0.667],\\"y\\":[1]},\\"o\\":{\\"x\\":[0.431],\\"y\\":[-0.186]},\\"n\\":[\\"0p667_1_0p431_-0p186\\"],\\"t\\":10,\\"s\\":[0],\\"e\\":[66]},{\\"i\\":{\\"x\\":[0.667],\\"y\\":[1]},\\"o\\":{\\"x\\":[0.333],\\"y\\":[0]},\\"n\\":[\\"0p667_1_0p333_0\\"],\\"t\\":25,\\"s\\":[66],\\"e\\":[90.477]},{\\"i\\":{\\"x\\":[0.667],\\"y\\":[1]},\\"o\\":{\\"x\\":[0.333],\\"y\\":[0]},\\"n\\":[\\"0p667_1_0p333_0\\"],\\"t\\":33,\\"s\\":[90.477],\\"e\\":[85.015]},{\\"i\\":{\\"x\\":[0.667],\\"y\\":[1]},\\"o\\":{\\"x\\":[0.333],\\"y\\":[0]},\\"n\\":[\\"0p667_1_0p333_0\\"],\\"t\\":36,\\"s\\":[85.015],\\"e\\":[76.022]},{\\"i\\":{\\"x\\":[0.667],\\"y\\":[1]},\\"o\\":{\\"x\\":[0.333],\\"y\\":[0]},\\"n\\":[\\"0p667_1_0p333_0\\"],\\"t\\":40,\\"s\\":[76.022],\\"e\\":[100]},{\\"t\\":45}],\\"ix\\":1},\\"e\\":{\\"a\\":1,\\"k\\":[{\\"i\\":{\\"x\\":[0.667],\\"y\\":[1]},\\"o\\":{\\"x\\":[0.521],\\"y\\":[0.086]},\\"n\\":[\\"0p667_1_0p521_0p086\\"],\\"t\\":10,\\"s\\":[0],\\"e\\":[100]},{\\"i\\":{\\"x\\":[0.667],\\"y\\":[1]},\\"o\\":{\\"x\\":[0.333],\\"y\\":[0]},\\"n\\":[\\"0p667_1_0p333_0\\"],\\"t\\":25,\\"s\\":[100],\\"e\\":[91]},{\\"i\\":{\\"x\\":[0.667],\\"y\\":[1]},\\"o\\":{\\"x\\":[0.333],\\"y\\":[0]},\\"n\\":[\\"0p667_1_0p333_0\\"],\\"t\\":28,\\"s\\":[91],\\"e\\":[100]},{\\"i\\":{\\"x\\":[0.667],\\"y\\":[1]},\\"o\\":{\\"x\\":[0.333],\\"y\\":[0]},\\"n\\":[\\"0p667_1_0p333_0\\"],\\"t\\":39,\\"s\\":[100],\\"e\\":[100]},{\\"t\\":46}],\\"ix\\":2},\\"o\\":{\\"a\\":0,\\"k\\":0,\\"ix\\":3},\\"m\\":1,\\"ix\\":2,\\"nm\\":\\"Trim Paths 1\\",\\"mn\\":\\"ADBE Vector Filter - Trim\\",\\"hd\\":false},{\\"ty\\":\\"st\\",\\"c\\":{\\"a\\":0,\\"k\\":[0,0,0,1],\\"ix\\":3},\\"o\\":{\\"a\\":0,\\"k\\":100,\\"ix\\":4},\\"w\\":{\\"a\\":0,\\"k\\":13,\\"ix\\":5},\\"lc\\":2,\\"lj\\":1,\\"ml\\":4,\\"ml2\\":{\\"a\\":0,\\"k\\":4,\\"ix\\":8},\\"bm\\":0,\\"d\\":[{\\"n\\":\\"d\\",\\"nm\\":\\"dash\\",\\"v\\":{\\"a\\":0,\\"k\\":0,\\"ix\\":1}},{\\"n\\":\\"g\\",\\"nm\\":\\"gap\\",\\"v\\":{\\"a\\":0,\\"k\\":23,\\"ix\\":2}},{\\"n\\":\\"o\\",\\"nm\\":\\"offset\\",\\"v\\":{\\"a\\":0,\\"k\\":-1,\\"ix\\":7}}],\\"nm\\":\\"Stroke 1\\",\\"mn\\":\\"ADBE Vector Graphic - Stroke\\",\\"hd\\":false}],\\"ip\\":10,\\"op\\":70,\\"st\\":10,\\"bm\\":0},{\\"ddd\\":0,\\"ind\\":4,\\"ty\\":4,\\"nm\\":\\"Loader_circle 2\\",\\"sr\\":1,\\"ks\\":{\\"o\\":{\\"a\\":0,\\"k\\":100,\\"ix\\":11},\\"r\\":{\\"a\\":1,\\"k\\":[{\\"i\\":{\\"x\\":[0.833],\\"y\\":[0.833]},\\"o\\":{\\"x\\":[0.167],\\"y\\":[0.167]},\\"n\\":[\\"0p833_0p833_0p167_0p167\\"],\\"t\\":0,\\"s\\":[0],\\"e\\":[-371.6]},{\\"i\\":{\\"x\\":[0.833],\\"y\\":[0.833]},\\"o\\":{\\"x\\":[0.167],\\"y\\":[0.167]},\\"n\\":[\\"0p833_0p833_0p167_0p167\\"],\\"t\\":35,\\"s\\":[-371.6],\\"e\\":[-84]},{\\"t\\":36}],\\"ix\\":10},\\"p\\":{\\"a\\":0,\\"k\\":[480,480,0],\\"ix\\":2},\\"a\\":{\\"a\\":0,\\"k\\":[0,0,0],\\"ix\\":1},\\"s\\":{\\"a\\":0,\\"k\\":[850,850,100],\\"ix\\":6}},\\"ao\\":0,\\"shapes\\":[{\\"d\\":3,\\"ty\\":\\"el\\",\\"s\\":{\\"a\\":0,\\"k\\":[100,100],\\"ix\\":2},\\"p\\":{\\"a\\":0,\\"k\\":[0,0],\\"ix\\":3},\\"nm\\":\\"Ellipse Path 1\\",\\"mn\\":\\"ADBE Vector Shape - Ellipse\\",\\"hd\\":false},{\\"ty\\":\\"tm\\",\\"s\\":{\\"a\\":1,\\"k\\":[{\\"i\\":{\\"x\\":[0.846],\\"y\\":[-27.289]},\\"o\\":{\\"x\\":[0.768],\\"y\\":[-21.834]},\\"n\\":[\\"0p846_-27p289_0p768_-21p834\\"],\\"t\\":0,\\"s\\":[0],\\"e\\":[0]},{\\"i\\":{\\"x\\":[0.721],\\"y\\":[0.946]},\\"o\\":{\\"x\\":[0.32],\\"y\\":[0.782]},\\"n\\":[\\"0p721_0p946_0p32_0p782\\"],\\"t\\":15,\\"s\\":[0],\\"e\\":[100]},{\\"t\\":35}],\\"ix\\":1},\\"e\\":{\\"a\\":1,\\"k\\":[{\\"i\\":{\\"x\\":[0.577],\\"y\\":[0.871]},\\"o\\":{\\"x\\":[0.797],\\"y\\":[0.131]},\\"n\\":[\\"0p577_0p871_0p797_0p131\\"],\\"t\\":0,\\"s\\":[0],\\"e\\":[100]},{\\"t\\":15}],\\"ix\\":2},\\"o\\":{\\"a\\":0,\\"k\\":0,\\"ix\\":3},\\"m\\":1,\\"ix\\":2,\\"nm\\":\\"Trim Paths 1\\",\\"mn\\":\\"ADBE Vector Filter - Trim\\",\\"hd\\":false},{\\"ty\\":\\"st\\",\\"c\\":{\\"a\\":0,\\"k\\":[0,0,0,1],\\"ix\\":3},\\"o\\":{\\"a\\":0,\\"k\\":100,\\"ix\\":4},\\"w\\":{\\"a\\":0,\\"k\\":13,\\"ix\\":5},\\"lc\\":2,\\"lj\\":1,\\"ml\\":4,\\"ml2\\":{\\"a\\":0,\\"k\\":4,\\"ix\\":8},\\"bm\\":0,\\"d\\":[{\\"n\\":\\"d\\",\\"nm\\":\\"dash\\",\\"v\\":{\\"a\\":0,\\"k\\":335.192,\\"ix\\":1}},{\\"n\\":\\"g\\",\\"nm\\":\\"gap\\",\\"v\\":{\\"a\\":0,\\"k\\":321,\\"ix\\":2}},{\\"n\\":\\"o\\",\\"nm\\":\\"offset\\",\\"v\\":{\\"a\\":0,\\"k\\":-1,\\"ix\\":7}}],\\"nm\\":\\"Stroke 1\\",\\"mn\\":\\"ADBE Vector Graphic - Stroke\\",\\"hd\\":false}],\\"ip\\":0,\\"op\\":60,\\"st\\":0,\\"bm\\":0},{\\"ddd\\":0,\\"ind\\":5,\\"ty\\":4,\\"nm\\":\\"Loader_circle\\",\\"sr\\":1,\\"ks\\":{\\"o\\":{\\"a\\":0,\\"k\\":100,\\"ix\\":11},\\"r\\":{\\"a\\":1,\\"k\\":[{\\"i\\":{\\"x\\":[0.833],\\"y\\":[0.833]},\\"o\\":{\\"x\\":[0.167],\\"y\\":[0.167]},\\"n\\":[\\"0p833_0p833_0p167_0p167\\"],\\"t\\":35,\\"s\\":[17],\\"e\\":[9]},{\\"i\\":{\\"x\\":[0.833],\\"y\\":[0.833]},\\"o\\":{\\"x\\":[0.167],\\"y\\":[0.167]},\\"n\\":[\\"0p833_0p833_0p167_0p167\\"],\\"t\\":38,\\"s\\":[9],\\"e\\":[2]},{\\"t\\":40}],\\"ix\\":10},\\"p\\":{\\"a\\":0,\\"k\\":[480,480,0],\\"ix\\":2},\\"a\\":{\\"a\\":0,\\"k\\":[0,0,0],\\"ix\\":1},\\"s\\":{\\"a\\":0,\\"k\\":[850,850,100],\\"ix\\":6}},\\"ao\\":0,\\"shapes\\":[{\\"d\\":3,\\"ty\\":\\"el\\",\\"s\\":{\\"a\\":0,\\"k\\":[100,100],\\"ix\\":2},\\"p\\":{\\"a\\":0,\\"k\\":[0,0],\\"ix\\":3},\\"nm\\":\\"Ellipse Path 1\\",\\"mn\\":\\"ADBE Vector Shape - Ellipse\\",\\"hd\\":false},{\\"ty\\":\\"tm\\",\\"s\\":{\\"a\\":1,\\"k\\":[{\\"i\\":{\\"x\\":[0.833],\\"y\\":[1]},\\"o\\":{\\"x\\":[0.768],\\"y\\":[-0.524]},\\"n\\":[\\"0p833_1_0p768_-0p524\\"],\\"t\\":33,\\"s\\":[0],\\"e\\":[25]},{\\"i\\":{\\"x\\":[0.833],\\"y\\":[1]},\\"o\\":{\\"x\\":[0.167],\\"y\\":[0]},\\"n\\":[\\"0p833_1_0p167_0\\"],\\"t\\":42,\\"s\\":[25],\\"e\\":[27.5]},{\\"t\\":48}],\\"ix\\":1},\\"e\\":{\\"a\\":1,\\"k\\":[{\\"i\\":{\\"x\\":[0.833],\\"y\\":[0.975]},\\"o\\":{\\"x\\":[0.167],\\"y\\":[0]},\\"n\\":[\\"0p833_0p975_0p167_0\\"],\\"t\\":33,\\"s\\":[0],\\"e\\":[22]},{\\"i\\":{\\"x\\":[0.682],\\"y\\":[1.001]},\\"o\\":{\\"x\\":[0.348],\\"y\\":[0.138]},\\"n\\":[\\"0p682_1p001_0p348_0p138\\"],\\"t\\":36,\\"s\\":[22],\\"e\\":[27.544]},{\\"t\\":38}],\\"ix\\":2},\\"o\\":{\\"a\\":0,\\"k\\":0,\\"ix\\":3},\\"m\\":1,\\"ix\\":2,\\"nm\\":\\"Trim Paths 1\\",\\"mn\\":\\"ADBE Vector Filter - Trim\\",\\"hd\\":false},{\\"ty\\":\\"st\\",\\"c\\":{\\"a\\":0,\\"k\\":[0,0,0,1],\\"ix\\":3},\\"o\\":{\\"a\\":0,\\"k\\":100,\\"ix\\":4},\\"w\\":{\\"a\\":0,\\"k\\":13,\\"ix\\":5},\\"lc\\":2,\\"lj\\":1,\\"ml\\":4,\\"ml2\\":{\\"a\\":0,\\"k\\":4,\\"ix\\":8},\\"bm\\":0,\\"d\\":[{\\"n\\":\\"d\\",\\"nm\\":\\"dash\\",\\"v\\":{\\"a\\":0,\\"k\\":335.192,\\"ix\\":1}},{\\"n\\":\\"g\\",\\"nm\\":\\"gap\\",\\"v\\":{\\"a\\":0,\\"k\\":321,\\"ix\\":2}},{\\"n\\":\\"o\\",\\"nm\\":\\"offset\\",\\"v\\":{\\"a\\":0,\\"k\\":-1,\\"ix\\":7}}],\\"nm\\":\\"Stroke 1\\",\\"mn\\":\\"ADBE Vector Graphic - Stroke\\",\\"hd\\":false}],\\"ip\\":31,\\"op\\":95,\\"st\\":35,\\"bm\\":0}],\\"markers\\":[]}"
        speed={1}
        style={
          Object {
            "alignSelf": "center",
            "aspectRatio": 1,
            "height": 25,
            "justifyContent": "center",
            "width": 25,
          }
        }
      />
    </View>
  </View>
</RCTScrollView>
`;

exports[`Home when fetching should match snapshot 1`] = `
<RCTScrollView
  refreshControl={
    <RefreshControlMock
      onRefresh={[Function]}
      refreshing={false}
    />
  }
  testID="home-story-view"
>
  <RCTRefreshControl />
  <View>
    <View
      style={
        Object {
          "backgroundColor": "#ff6600",
          "height": 50,
          "justifyContent": "center",
          "paddingLeft": 10,
        }
      }
    >
      <Text
        style={
          Object {
            "color": "black",
            "fontSize": 20,
            "fontWeight": "bold",
          }
        }
      >
        Hacker News
      </Text>
      <Text
        style={
          Object {
            "color": "black",
          }
        }
      >
        new | Past | comments | ask | show | jobs
      </Text>
    </View>
    <View
      accessible={true}
      collapsable={false}
      focusable={false}
      onClick={[Function]}
      onResponderGrant={[Function]}
      onResponderMove={[Function]}
      onResponderRelease={[Function]}
      onResponderTerminate={[Function]}
      onResponderTerminationRequest={[Function]}
      onStartShouldSetResponder={[Function]}
      style={
        Object {
          "flexDirection": "row",
          "flexWrap": "wrap",
          "marginHorizontal": 5,
          "marginVertical": 10,
          "opacity": 1,
        }
      }
    >
      <Text
        onPress={[Function]}
        style={
          Object {
            "fontSize": 16,
            "fontWeight": "bold",
            "marginHorizontal": 5,
          }
        }
        testID="30827210-story"
      >
        Fuchsia Workstation
      </Text>
      <Text
        style={
          Object {
            "marginLeft": 10,
          }
        }
      >
        ($
        timsneath
        )
      </Text>
    </View>
    <View
      style={
        Array [
          Object {
            "aspectRatio": 1,
          },
          undefined,
          Object {
            "alignSelf": "center",
            "height": 25,
            "justifyContent": "center",
            "width": 25,
          },
        ]
      }
    >
      <View
        autoPlay={true}
        cacheComposition={true}
        collapsable={false}
        enableMergePathsAndroidForKitKatAndAbove={false}
        forwardedRef={[Function]}
        loop={true}
        onAnimationFinish={[Function]}
        onLayout={[Function]}
        progress={0}
        resizeMode="contain"
        sourceJson="{\\"v\\":\\"5.4.3\\",\\"fr\\":30,\\"ip\\":0,\\"op\\":33,\\"w\\":960,\\"h\\":960,\\"nm\\":\\"loader_final\\",\\"ddd\\":0,\\"assets\\":[],\\"layers\\":[{\\"ddd\\":0,\\"ind\\":1,\\"ty\\":4,\\"nm\\":\\"Shape Layer 4\\",\\"sr\\":1,\\"ks\\":{\\"o\\":{\\"a\\":0,\\"k\\":100,\\"ix\\":11},\\"r\\":{\\"a\\":0,\\"k\\":0,\\"ix\\":10},\\"p\\":{\\"a\\":0,\\"k\\":[480,480,0],\\"ix\\":2},\\"a\\":{\\"a\\":0,\\"k\\":[0,0,0],\\"ix\\":1},\\"s\\":{\\"a\\":0,\\"k\\":[100,100,100],\\"ix\\":6}},\\"ao\\":0,\\"shapes\\":[],\\"ip\\":0,\\"op\\":180,\\"st\\":0,\\"bm\\":0},{\\"ddd\\":0,\\"ind\\":2,\\"ty\\":4,\\"nm\\":\\"Shape Layer 3\\",\\"sr\\":1,\\"ks\\":{\\"o\\":{\\"a\\":0,\\"k\\":100,\\"ix\\":11},\\"r\\":{\\"a\\":0,\\"k\\":0,\\"ix\\":10},\\"p\\":{\\"a\\":0,\\"k\\":[-547.75,-567,0],\\"ix\\":2},\\"a\\":{\\"a\\":0,\\"k\\":[-20,0,0],\\"ix\\":1},\\"s\\":{\\"a\\":0,\\"k\\":[220,220,100],\\"ix\\":6}},\\"ao\\":0,\\"shapes\\":[{\\"ty\\":\\"gr\\",\\"it\\":[{\\"ind\\":0,\\"ty\\":\\"sh\\",\\"ix\\":1,\\"ks\\":{\\"a\\":0,\\"k\\":{\\"i\\":[[0,0],[0,0],[0,0],[0,0]],\\"o\\":[[0,0],[0,0],[0,0],[0,0]],\\"v\\":[[-270.409,-35.759],[-69.2,161.649],[222.953,-123.431],[334.969,-229.981]],\\"c\\":false},\\"ix\\":2},\\"nm\\":\\"Path 1\\",\\"mn\\":\\"ADBE Vector Shape - Group\\",\\"hd\\":false},{\\"ty\\":\\"st\\",\\"c\\":{\\"a\\":0,\\"k\\":[0,0,0,1],\\"ix\\":3},\\"o\\":{\\"a\\":0,\\"k\\":80,\\"ix\\":4},\\"w\\":{\\"a\\":0,\\"k\\":51,\\"ix\\":5},\\"lc\\":2,\\"lj\\":2,\\"bm\\":0,\\"d\\":[{\\"n\\":\\"d\\",\\"nm\\":\\"dash\\",\\"v\\":{\\"a\\":0,\\"k\\":569.259,\\"ix\\":1}},{\\"n\\":\\"o\\",\\"nm\\":\\"offset\\",\\"v\\":{\\"a\\":0,\\"k\\":0,\\"ix\\":7}}],\\"nm\\":\\"Stroke 1\\",\\"mn\\":\\"ADBE Vector Graphic - Stroke\\",\\"hd\\":false},{\\"ty\\":\\"tr\\",\\"p\\":{\\"a\\":0,\\"k\\":[446.475,455.963],\\"ix\\":2},\\"a\\":{\\"a\\":0,\\"k\\":[0,0],\\"ix\\":1},\\"s\\":{\\"a\\":0,\\"k\\":[100,100],\\"ix\\":3},\\"r\\":{\\"a\\":0,\\"k\\":0,\\"ix\\":6},\\"o\\":{\\"a\\":0,\\"k\\":100,\\"ix\\":7},\\"sk\\":{\\"a\\":0,\\"k\\":0,\\"ix\\":4},\\"sa\\":{\\"a\\":0,\\"k\\":0,\\"ix\\":5},\\"nm\\":\\"Transform\\"}],\\"nm\\":\\"Shape 1\\",\\"np\\":2,\\"cix\\":2,\\"bm\\":0,\\"ix\\":1,\\"mn\\":\\"ADBE Vector Group\\",\\"hd\\":false},{\\"ty\\":\\"tm\\",\\"s\\":{\\"a\\":1,\\"k\\":[{\\"i\\":{\\"x\\":[0.833],\\"y\\":[1]},\\"o\\":{\\"x\\":[0.167],\\"y\\":[0.167]},\\"n\\":[\\"0p833_1_0p167_0p167\\"],\\"t\\":44,\\"s\\":[15],\\"e\\":[18]},{\\"i\\":{\\"x\\":[0.667],\\"y\\":[1]},\\"o\\":{\\"x\\":[0.167],\\"y\\":[0]},\\"n\\":[\\"0p667_1_0p167_0\\"],\\"t\\":47,\\"s\\":[18],\\"e\\":[15]},{\\"i\\":{\\"x\\":[0.833],\\"y\\":[1]},\\"o\\":{\\"x\\":[0.167],\\"y\\":[-0.409]},\\"n\\":[\\"0p833_1_0p167_-0p409\\"],\\"t\\":49,\\"s\\":[15],\\"e\\":[15]},{\\"i\\":{\\"x\\":[0.833],\\"y\\":[1]},\\"o\\":{\\"x\\":[0.167],\\"y\\":[0]},\\"n\\":[\\"0p833_1_0p167_0\\"],\\"t\\":88,\\"s\\":[15],\\"e\\":[75]},{\\"t\\":94.7099609375}],\\"ix\\":1},\\"e\\":{\\"a\\":1,\\"k\\":[{\\"i\\":{\\"x\\":[0.833],\\"y\\":[0.689]},\\"o\\":{\\"x\\":[0.167],\\"y\\":[0.167]},\\"n\\":[\\"0p833_0p689_0p167_0p167\\"],\\"t\\":44,\\"s\\":[15],\\"e\\":[29]},{\\"i\\":{\\"x\\":[0],\\"y\\":[0.433]},\\"o\\":{\\"x\\":[0.167],\\"y\\":[0.124]},\\"n\\":[\\"0_0p433_0p167_0p124\\"],\\"t\\":47,\\"s\\":[29],\\"e\\":[76]},{\\"i\\":{\\"x\\":[0.567],\\"y\\":[1]},\\"o\\":{\\"x\\":[0.211],\\"y\\":[0]},\\"n\\":[\\"0p567_1_0p211_0\\"],\\"t\\":51,\\"s\\":[76],\\"e\\":[76.5]},{\\"i\\":{\\"x\\":[0.567],\\"y\\":[1]},\\"o\\":{\\"x\\":[0.328],\\"y\\":[0]},\\"n\\":[\\"0p567_1_0p328_0\\"],\\"t\\":58,\\"s\\":[76.5],\\"e\\":[76.5]},{\\"t\\":88}],\\"ix\\":2},\\"o\\":{\\"a\\":0,\\"k\\":0,\\"ix\\":3},\\"m\\":1,\\"ix\\":2,\\"nm\\":\\"Trim Paths 1\\",\\"mn\\":\\"ADBE Vector Filter - Trim\\",\\"hd\\":false}],\\"ip\\":19,\\"op\\":96,\\"st\\":48,\\"bm\\":0},{\\"ddd\\":0,\\"ind\\":3,\\"ty\\":4,\\"nm\\":\\"Loader_circle 3\\",\\"sr\\":1,\\"ks\\":{\\"o\\":{\\"a\\":0,\\"k\\":100,\\"ix\\":11},\\"r\\":{\\"a\\":1,\\"k\\":[{\\"i\\":{\\"x\\":[0.667],\\"y\\":[1]},\\"o\\":{\\"x\\":[0.167],\\"y\\":[0.167]},\\"n\\":[\\"0p667_1_0p167_0p167\\"],\\"t\\":10,\\"s\\":[0],\\"e\\":[117.68]},{\\"i\\":{\\"x\\":[0.336],\\"y\\":[1.054]},\\"o\\":{\\"x\\":[0.333],\\"y\\":[0]},\\"n\\":[\\"0p336_1p054_0p333_0\\"],\\"t\\":12,\\"s\\":[117.68],\\"e\\":[202.76]},{\\"i\\":{\\"x\\":[0.75],\\"y\\":[0.422]},\\"o\\":{\\"x\\":[0.723],\\"y\\":[0.051]},\\"n\\":[\\"0p75_0p422_0p723_0p051\\"],\\"t\\":19,\\"s\\":[202.76],\\"e\\":[105.225]},{\\"i\\":{\\"x\\":[0.521],\\"y\\":[0.464]},\\"o\\":{\\"x\\":[0.385],\\"y\\":[0.514]},\\"n\\":[\\"0p521_0p464_0p385_0p514\\"],\\"t\\":26,\\"s\\":[105.225],\\"e\\":[-83.407]},{\\"i\\":{\\"x\\":[0.667],\\"y\\":[1]},\\"o\\":{\\"x\\":[0.614],\\"y\\":[1.702]},\\"n\\":[\\"0p667_1_0p614_1p702\\"],\\"t\\":35,\\"s\\":[-83.407],\\"e\\":[-96.41]},{\\"t\\":39}],\\"ix\\":10},\\"p\\":{\\"a\\":0,\\"k\\":[480,480,0],\\"ix\\":2},\\"a\\":{\\"a\\":0,\\"k\\":[0,0,0],\\"ix\\":1},\\"s\\":{\\"a\\":0,\\"k\\":[850,850,100],\\"ix\\":6}},\\"ao\\":0,\\"shapes\\":[{\\"d\\":3,\\"ty\\":\\"el\\",\\"s\\":{\\"a\\":0,\\"k\\":[100,100],\\"ix\\":2},\\"p\\":{\\"a\\":0,\\"k\\":[0,0],\\"ix\\":3},\\"nm\\":\\"Ellipse Path 1\\",\\"mn\\":\\"ADBE Vector Shape - Ellipse\\",\\"hd\\":false},{\\"ty\\":\\"tm\\",\\"s\\":{\\"a\\":1,\\"k\\":[{\\"i\\":{\\"x\\":[0.667],\\"y\\":[1]},\\"o\\":{\\"x\\":[0.431],\\"y\\":[-0.186]},\\"n\\":[\\"0p667_1_0p431_-0p186\\"],\\"t\\":10,\\"s\\":[0],\\"e\\":[66]},{\\"i\\":{\\"x\\":[0.667],\\"y\\":[1]},\\"o\\":{\\"x\\":[0.333],\\"y\\":[0]},\\"n\\":[\\"0p667_1_0p333_0\\"],\\"t\\":25,\\"s\\":[66],\\"e\\":[90.477]},{\\"i\\":{\\"x\\":[0.667],\\"y\\":[1]},\\"o\\":{\\"x\\":[0.333],\\"y\\":[0]},\\"n\\":[\\"0p667_1_0p333_0\\"],\\"t\\":33,\\"s\\":[90.477],\\"e\\":[85.015]},{\\"i\\":{\\"x\\":[0.667],\\"y\\":[1]},\\"o\\":{\\"x\\":[0.333],\\"y\\":[0]},\\"n\\":[\\"0p667_1_0p333_0\\"],\\"t\\":36,\\"s\\":[85.015],\\"e\\":[76.022]},{\\"i\\":{\\"x\\":[0.667],\\"y\\":[1]},\\"o\\":{\\"x\\":[0.333],\\"y\\":[0]},\\"n\\":[\\"0p667_1_0p333_0\\"],\\"t\\":40,\\"s\\":[76.022],\\"e\\":[100]},{\\"t\\":45}],\\"ix\\":1},\\"e\\":{\\"a\\":1,\\"k\\":[{\\"i\\":{\\"x\\":[0.667],\\"y\\":[1]},\\"o\\":{\\"x\\":[0.521],\\"y\\":[0.086]},\\"n\\":[\\"0p667_1_0p521_0p086\\"],\\"t\\":10,\\"s\\":[0],\\"e\\":[100]},{\\"i\\":{\\"x\\":[0.667],\\"y\\":[1]},\\"o\\":{\\"x\\":[0.333],\\"y\\":[0]},\\"n\\":[\\"0p667_1_0p333_0\\"],\\"t\\":25,\\"s\\":[100],\\"e\\":[91]},{\\"i\\":{\\"x\\":[0.667],\\"y\\":[1]},\\"o\\":{\\"x\\":[0.333],\\"y\\":[0]},\\"n\\":[\\"0p667_1_0p333_0\\"],\\"t\\":28,\\"s\\":[91],\\"e\\":[100]},{\\"i\\":{\\"x\\":[0.667],\\"y\\":[1]},\\"o\\":{\\"x\\":[0.333],\\"y\\":[0]},\\"n\\":[\\"0p667_1_0p333_0\\"],\\"t\\":39,\\"s\\":[100],\\"e\\":[100]},{\\"t\\":46}],\\"ix\\":2},\\"o\\":{\\"a\\":0,\\"k\\":0,\\"ix\\":3},\\"m\\":1,\\"ix\\":2,\\"nm\\":\\"Trim Paths 1\\",\\"mn\\":\\"ADBE Vector Filter - Trim\\",\\"hd\\":false},{\\"ty\\":\\"st\\",\\"c\\":{\\"a\\":0,\\"k\\":[0,0,0,1],\\"ix\\":3},\\"o\\":{\\"a\\":0,\\"k\\":100,\\"ix\\":4},\\"w\\":{\\"a\\":0,\\"k\\":13,\\"ix\\":5},\\"lc\\":2,\\"lj\\":1,\\"ml\\":4,\\"ml2\\":{\\"a\\":0,\\"k\\":4,\\"ix\\":8},\\"bm\\":0,\\"d\\":[{\\"n\\":\\"d\\",\\"nm\\":\\"dash\\",\\"v\\":{\\"a\\":0,\\"k\\":0,\\"ix\\":1}},{\\"n\\":\\"g\\",\\"nm\\":\\"gap\\",\\"v\\":{\\"a\\":0,\\"k\\":23,\\"ix\\":2}},{\\"n\\":\\"o\\",\\"nm\\":\\"offset\\",\\"v\\":{\\"a\\":0,\\"k\\":-1,\\"ix\\":7}}],\\"nm\\":\\"Stroke 1\\",\\"mn\\":\\"ADBE Vector Graphic - Stroke\\",\\"hd\\":false}],\\"ip\\":10,\\"op\\":70,\\"st\\":10,\\"bm\\":0},{\\"ddd\\":0,\\"ind\\":4,\\"ty\\":4,\\"nm\\":\\"Loader_circle 2\\",\\"sr\\":1,\\"ks\\":{\\"o\\":{\\"a\\":0,\\"k\\":100,\\"ix\\":11},\\"r\\":{\\"a\\":1,\\"k\\":[{\\"i\\":{\\"x\\":[0.833],\\"y\\":[0.833]},\\"o\\":{\\"x\\":[0.167],\\"y\\":[0.167]},\\"n\\":[\\"0p833_0p833_0p167_0p167\\"],\\"t\\":0,\\"s\\":[0],\\"e\\":[-371.6]},{\\"i\\":{\\"x\\":[0.833],\\"y\\":[0.833]},\\"o\\":{\\"x\\":[0.167],\\"y\\":[0.167]},\\"n\\":[\\"0p833_0p833_0p167_0p167\\"],\\"t\\":35,\\"s\\":[-371.6],\\"e\\":[-84]},{\\"t\\":36}],\\"ix\\":10},\\"p\\":{\\"a\\":0,\\"k\\":[480,480,0],\\"ix\\":2},\\"a\\":{\\"a\\":0,\\"k\\":[0,0,0],\\"ix\\":1},\\"s\\":{\\"a\\":0,\\"k\\":[850,850,100],\\"ix\\":6}},\\"ao\\":0,\\"shapes\\":[{\\"d\\":3,\\"ty\\":\\"el\\",\\"s\\":{\\"a\\":0,\\"k\\":[100,100],\\"ix\\":2},\\"p\\":{\\"a\\":0,\\"k\\":[0,0],\\"ix\\":3},\\"nm\\":\\"Ellipse Path 1\\",\\"mn\\":\\"ADBE Vector Shape - Ellipse\\",\\"hd\\":false},{\\"ty\\":\\"tm\\",\\"s\\":{\\"a\\":1,\\"k\\":[{\\"i\\":{\\"x\\":[0.846],\\"y\\":[-27.289]},\\"o\\":{\\"x\\":[0.768],\\"y\\":[-21.834]},\\"n\\":[\\"0p846_-27p289_0p768_-21p834\\"],\\"t\\":0,\\"s\\":[0],\\"e\\":[0]},{\\"i\\":{\\"x\\":[0.721],\\"y\\":[0.946]},\\"o\\":{\\"x\\":[0.32],\\"y\\":[0.782]},\\"n\\":[\\"0p721_0p946_0p32_0p782\\"],\\"t\\":15,\\"s\\":[0],\\"e\\":[100]},{\\"t\\":35}],\\"ix\\":1},\\"e\\":{\\"a\\":1,\\"k\\":[{\\"i\\":{\\"x\\":[0.577],\\"y\\":[0.871]},\\"o\\":{\\"x\\":[0.797],\\"y\\":[0.131]},\\"n\\":[\\"0p577_0p871_0p797_0p131\\"],\\"t\\":0,\\"s\\":[0],\\"e\\":[100]},{\\"t\\":15}],\\"ix\\":2},\\"o\\":{\\"a\\":0,\\"k\\":0,\\"ix\\":3},\\"m\\":1,\\"ix\\":2,\\"nm\\":\\"Trim Paths 1\\",\\"mn\\":\\"ADBE Vector Filter - Trim\\",\\"hd\\":false},{\\"ty\\":\\"st\\",\\"c\\":{\\"a\\":0,\\"k\\":[0,0,0,1],\\"ix\\":3},\\"o\\":{\\"a\\":0,\\"k\\":100,\\"ix\\":4},\\"w\\":{\\"a\\":0,\\"k\\":13,\\"ix\\":5},\\"lc\\":2,\\"lj\\":1,\\"ml\\":4,\\"ml2\\":{\\"a\\":0,\\"k\\":4,\\"ix\\":8},\\"bm\\":0,\\"d\\":[{\\"n\\":\\"d\\",\\"nm\\":\\"dash\\",\\"v\\":{\\"a\\":0,\\"k\\":335.192,\\"ix\\":1}},{\\"n\\":\\"g\\",\\"nm\\":\\"gap\\",\\"v\\":{\\"a\\":0,\\"k\\":321,\\"ix\\":2}},{\\"n\\":\\"o\\",\\"nm\\":\\"offset\\",\\"v\\":{\\"a\\":0,\\"k\\":-1,\\"ix\\":7}}],\\"nm\\":\\"Stroke 1\\",\\"mn\\":\\"ADBE Vector Graphic - Stroke\\",\\"hd\\":false}],\\"ip\\":0,\\"op\\":60,\\"st\\":0,\\"bm\\":0},{\\"ddd\\":0,\\"ind\\":5,\\"ty\\":4,\\"nm\\":\\"Loader_circle\\",\\"sr\\":1,\\"ks\\":{\\"o\\":{\\"a\\":0,\\"k\\":100,\\"ix\\":11},\\"r\\":{\\"a\\":1,\\"k\\":[{\\"i\\":{\\"x\\":[0.833],\\"y\\":[0.833]},\\"o\\":{\\"x\\":[0.167],\\"y\\":[0.167]},\\"n\\":[\\"0p833_0p833_0p167_0p167\\"],\\"t\\":35,\\"s\\":[17],\\"e\\":[9]},{\\"i\\":{\\"x\\":[0.833],\\"y\\":[0.833]},\\"o\\":{\\"x\\":[0.167],\\"y\\":[0.167]},\\"n\\":[\\"0p833_0p833_0p167_0p167\\"],\\"t\\":38,\\"s\\":[9],\\"e\\":[2]},{\\"t\\":40}],\\"ix\\":10},\\"p\\":{\\"a\\":0,\\"k\\":[480,480,0],\\"ix\\":2},\\"a\\":{\\"a\\":0,\\"k\\":[0,0,0],\\"ix\\":1},\\"s\\":{\\"a\\":0,\\"k\\":[850,850,100],\\"ix\\":6}},\\"ao\\":0,\\"shapes\\":[{\\"d\\":3,\\"ty\\":\\"el\\",\\"s\\":{\\"a\\":0,\\"k\\":[100,100],\\"ix\\":2},\\"p\\":{\\"a\\":0,\\"k\\":[0,0],\\"ix\\":3},\\"nm\\":\\"Ellipse Path 1\\",\\"mn\\":\\"ADBE Vector Shape - Ellipse\\",\\"hd\\":false},{\\"ty\\":\\"tm\\",\\"s\\":{\\"a\\":1,\\"k\\":[{\\"i\\":{\\"x\\":[0.833],\\"y\\":[1]},\\"o\\":{\\"x\\":[0.768],\\"y\\":[-0.524]},\\"n\\":[\\"0p833_1_0p768_-0p524\\"],\\"t\\":33,\\"s\\":[0],\\"e\\":[25]},{\\"i\\":{\\"x\\":[0.833],\\"y\\":[1]},\\"o\\":{\\"x\\":[0.167],\\"y\\":[0]},\\"n\\":[\\"0p833_1_0p167_0\\"],\\"t\\":42,\\"s\\":[25],\\"e\\":[27.5]},{\\"t\\":48}],\\"ix\\":1},\\"e\\":{\\"a\\":1,\\"k\\":[{\\"i\\":{\\"x\\":[0.833],\\"y\\":[0.975]},\\"o\\":{\\"x\\":[0.167],\\"y\\":[0]},\\"n\\":[\\"0p833_0p975_0p167_0\\"],\\"t\\":33,\\"s\\":[0],\\"e\\":[22]},{\\"i\\":{\\"x\\":[0.682],\\"y\\":[1.001]},\\"o\\":{\\"x\\":[0.348],\\"y\\":[0.138]},\\"n\\":[\\"0p682_1p001_0p348_0p138\\"],\\"t\\":36,\\"s\\":[22],\\"e\\":[27.544]},{\\"t\\":38}],\\"ix\\":2},\\"o\\":{\\"a\\":0,\\"k\\":0,\\"ix\\":3},\\"m\\":1,\\"ix\\":2,\\"nm\\":\\"Trim Paths 1\\",\\"mn\\":\\"ADBE Vector Filter - Trim\\",\\"hd\\":false},{\\"ty\\":\\"st\\",\\"c\\":{\\"a\\":0,\\"k\\":[0,0,0,1],\\"ix\\":3},\\"o\\":{\\"a\\":0,\\"k\\":100,\\"ix\\":4},\\"w\\":{\\"a\\":0,\\"k\\":13,\\"ix\\":5},\\"lc\\":2,\\"lj\\":1,\\"ml\\":4,\\"ml2\\":{\\"a\\":0,\\"k\\":4,\\"ix\\":8},\\"bm\\":0,\\"d\\":[{\\"n\\":\\"d\\",\\"nm\\":\\"dash\\",\\"v\\":{\\"a\\":0,\\"k\\":335.192,\\"ix\\":1}},{\\"n\\":\\"g\\",\\"nm\\":\\"gap\\",\\"v\\":{\\"a\\":0,\\"k\\":321,\\"ix\\":2}},{\\"n\\":\\"o\\",\\"nm\\":\\"offset\\",\\"v\\":{\\"a\\":0,\\"k\\":-1,\\"ix\\":7}}],\\"nm\\":\\"Stroke 1\\",\\"mn\\":\\"ADBE Vector Graphic - Stroke\\",\\"hd\\":false}],\\"ip\\":31,\\"op\\":95,\\"st\\":35,\\"bm\\":0}],\\"markers\\":[]}"
        speed={1}
        style={
          Object {
            "alignSelf": "center",
            "aspectRatio": 1,
            "height": 25,
            "justifyContent": "center",
            "width": 25,
          }
        }
      />
    </View>
  </View>
</RCTScrollView>
`;

exports[`Home with success data should match snapshot 1`] = `
<RCTScrollView
  refreshControl={
    <RefreshControlMock
      onRefresh={[Function]}
      refreshing={false}
    />
  }
  testID="home-story-view"
>
  <RCTRefreshControl />
  <View>
    <View
      style={
        Object {
          "backgroundColor": "#ff6600",
          "height": 50,
          "justifyContent": "center",
          "paddingLeft": 10,
        }
      }
    >
      <Text
        style={
          Object {
            "color": "black",
            "fontSize": 20,
            "fontWeight": "bold",
          }
        }
      >
        Hacker News
      </Text>
      <Text
        style={
          Object {
            "color": "black",
          }
        }
      >
        new | Past | comments | ask | show | jobs
      </Text>
    </View>
    <View
      accessible={true}
      collapsable={false}
      focusable={false}
      onClick={[Function]}
      onResponderGrant={[Function]}
      onResponderMove={[Function]}
      onResponderRelease={[Function]}
      onResponderTerminate={[Function]}
      onResponderTerminationRequest={[Function]}
      onStartShouldSetResponder={[Function]}
      style={
        Object {
          "flexDirection": "row",
          "flexWrap": "wrap",
          "marginHorizontal": 5,
          "marginVertical": 10,
          "opacity": 1,
        }
      }
    >
      <Text
        onPress={[Function]}
        style={
          Object {
            "fontSize": 16,
            "fontWeight": "bold",
            "marginHorizontal": 5,
          }
        }
        testID="30827210-story"
      >
        Fuchsia Workstation
      </Text>
      <Text
        style={
          Object {
            "marginLeft": 10,
          }
        }
      >
        ($
        timsneath
        )
      </Text>
    </View>
    <Text
      onPress={[Function]}
      style={
        Object {
          "alignSelf": "center",
          "color": "green",
          "fontSize": 20,
        }
      }
      testID="more-records"
    >
      Click here for More stories.....
    </Text>
  </View>
</RCTScrollView>
`;
